2015-10-28T12:24:33,903 TRACE [OperImpl] entry with (addClient:97900) 
2015-10-28T12:24:34,002 TRACE [OperImpl] exit with (addClient:97900)
2015-10-28T12:24:35,803 TRACE [OperImpl] entry with (addUser:97901) 
2015-10-28T12:24:35,988 TRACE [OperImpl] exit with (addUser:97901)
2015-10-28T12:24:39,103 TRACE [OperImpl] entry with (addClient:97945) 
2015-10-28T12:24:39,402 TRACE [OperImpl] exit with (addClient:97945)